letExp(
 decList(
  typeDec(
   nametyList(
    namety(arrtype,
     arrayTy(int)),
    nametyList())),
  decList(
   varDec(arr1,
    arrtype,
    arrayExp(arrtype,
     intExp(10),
     intExp(0)),
    TRUE),
   decList())),
 varExp(
  simpleVar(arr1)))
